// Jest Snapshot v1, https://goo.gl/fbAQLP

exports[`ConclusaoReservaComponent deveria renderizar o conteúdo baseado nas propriedades alt e src 1`] = `
<div
  id="root2"
>
  <app-banner
    alt="Banner conclusão"
    src="assets/imagens/banner-conclusão.png"
  />
  <app-container>
    <div
      class="reservation-confirmation"
      style="height: 100%;"
    >
      <header
        class="header"
      >
        <nav
          class="back-nav"
        >
          <img
            alt="Back arrow"
            class="back-icon"
            src="../../assets/icones/back-icon.svg"
          />
          <a
            appbackbutton=""
            class="back-link"
          >
            Voltar
          </a>
        </nav>
      </header>
      <section
        class="confirmation-content"
      >
        <img
          alt="Reservation confirmed illustration"
          class="confirmation-image"
          src="../../assets/imagens/conclusao-reserva.png"
        />
        <h1
          class="confirmation-title"
        >
          Reserva concluída com sucesso.
        </h1>
        <p
          class="confirmation-message"
        >
           Uhuuuul, prepare suas malas pois a compra foi confirmada e o seu próximo destino já está programado! 
        </p>
      </section>
    </div>
  </app-container>
</div>
`;
